../Drivers/CMSIS/Include/core_cm3.h:1511:22:__NVIC_EnableIRQ	16	static
../Drivers/CMSIS/Include/core_cm3.h:1639:22:__NVIC_SetPriority	16	static
../Core/Src/main.c:6:6:CDC_Transmit	24	static
../Core/Src/main.c:15:6:Timer_Start	4	static
../Core/Src/main.c:20:6:Timer_Stop	4	static
../Core/Src/main.c:32:6:CHECK_CMD	24	static
../Core/Src/main.c:64:6:TIM2_IRQHandler	16	static
../Core/Src/main.c:86:5:main	8	static
../Core/Src/main.c:104:6:SystemClock_Config	4	static
../Core/Src/main.c:141:6:GPIO_Init	4	static
../Core/Src/main.c:177:6:TIM2_Init	8	static
../Core/Src/main.c:198:6:Error_Handler	4	static,ignoring_inline_asm
