Archive member included to satisfy reference by file (symbol)

C:/ST/STM32CubeIDE_1.17.0/STM32CubeIDE/plugins/com.st.stm32cube.ide.mcu.externaltools.gnu-tools-for-stm32.12.3.rel1.win32_1.1.0.202410251130/tools/bin/../lib/gcc/arm-none-eabi/12.3.1/../../../../arm-none-eabi/lib/thumb/v7-m/nofp\libc_nano.a(libc_a-exit.o)
                              C:/ST/STM32CubeIDE_1.17.0/STM32CubeIDE/plugins/com.st.stm32cube.ide.mcu.externaltools.gnu-tools-for-stm32.12.3.rel1.win32_1.1.0.202410251130/tools/bin/../lib/gcc/arm-none-eabi/12.3.1/../../../../arm-none-eabi/lib/thumb/v7-m/nofp/crt0.o (exit)
C:/ST/STM32CubeIDE_1.17.0/STM32CubeIDE/plugins/com.st.stm32cube.ide.mcu.externaltools.gnu-tools-for-stm32.12.3.rel1.win32_1.1.0.202410251130/tools/bin/../lib/gcc/arm-none-eabi/12.3.1/../../../../arm-none-eabi/lib/thumb/v7-m/nofp\libc_nano.a(libc_a-findfp.o)
                              C:/ST/STM32CubeIDE_1.17.0/STM32CubeIDE/plugins/com.st.stm32cube.ide.mcu.externaltools.gnu-tools-for-stm32.12.3.rel1.win32_1.1.0.202410251130/tools/bin/../lib/gcc/arm-none-eabi/12.3.1/../../../../arm-none-eabi/lib/thumb/v7-m/nofp\libc_nano.a(libc_a-exit.o) (__stdio_exit_handler)
C:/ST/STM32CubeIDE_1.17.0/STM32CubeIDE/plugins/com.st.stm32cube.ide.mcu.externaltools.gnu-tools-for-stm32.12.3.rel1.win32_1.1.0.202410251130/tools/bin/../lib/gcc/arm-none-eabi/12.3.1/../../../../arm-none-eabi/lib/thumb/v7-m/nofp\libc_nano.a(libc_a-fwalk.o)
                              C:/ST/STM32CubeIDE_1.17.0/STM32CubeIDE/plugins/com.st.stm32cube.ide.mcu.externaltools.gnu-tools-for-stm32.12.3.rel1.win32_1.1.0.202410251130/tools/bin/../lib/gcc/arm-none-eabi/12.3.1/../../../../arm-none-eabi/lib/thumb/v7-m/nofp\libc_nano.a(libc_a-findfp.o) (_fwalk_sglue)
C:/ST/STM32CubeIDE_1.17.0/STM32CubeIDE/plugins/com.st.stm32cube.ide.mcu.externaltools.gnu-tools-for-stm32.12.3.rel1.win32_1.1.0.202410251130/tools/bin/../lib/gcc/arm-none-eabi/12.3.1/../../../../arm-none-eabi/lib/thumb/v7-m/nofp\libc_nano.a(libc_a-stdio.o)
                              C:/ST/STM32CubeIDE_1.17.0/STM32CubeIDE/plugins/com.st.stm32cube.ide.mcu.externaltools.gnu-tools-for-stm32.12.3.rel1.win32_1.1.0.202410251130/tools/bin/../lib/gcc/arm-none-eabi/12.3.1/../../../../arm-none-eabi/lib/thumb/v7-m/nofp\libc_nano.a(libc_a-findfp.o) (__sread)
C:/ST/STM32CubeIDE_1.17.0/STM32CubeIDE/plugins/com.st.stm32cube.ide.mcu.externaltools.gnu-tools-for-stm32.12.3.rel1.win32_1.1.0.202410251130/tools/bin/../lib/gcc/arm-none-eabi/12.3.1/../../../../arm-none-eabi/lib/thumb/v7-m/nofp\libc_nano.a(libc_a-memset.o)
                              C:/ST/STM32CubeIDE_1.17.0/STM32CubeIDE/plugins/com.st.stm32cube.ide.mcu.externaltools.gnu-tools-for-stm32.12.3.rel1.win32_1.1.0.202410251130/tools/bin/../lib/gcc/arm-none-eabi/12.3.1/../../../../arm-none-eabi/lib/thumb/v7-m/nofp/crt0.o (memset)
C:/ST/STM32CubeIDE_1.17.0/STM32CubeIDE/plugins/com.st.stm32cube.ide.mcu.externaltools.gnu-tools-for-stm32.12.3.rel1.win32_1.1.0.202410251130/tools/bin/../lib/gcc/arm-none-eabi/12.3.1/../../../../arm-none-eabi/lib/thumb/v7-m/nofp\libc_nano.a(libc_a-closer.o)
                              C:/ST/STM32CubeIDE_1.17.0/STM32CubeIDE/plugins/com.st.stm32cube.ide.mcu.externaltools.gnu-tools-for-stm32.12.3.rel1.win32_1.1.0.202410251130/tools/bin/../lib/gcc/arm-none-eabi/12.3.1/../../../../arm-none-eabi/lib/thumb/v7-m/nofp\libc_nano.a(libc_a-stdio.o) (_close_r)
C:/ST/STM32CubeIDE_1.17.0/STM32CubeIDE/plugins/com.st.stm32cube.ide.mcu.externaltools.gnu-tools-for-stm32.12.3.rel1.win32_1.1.0.202410251130/tools/bin/../lib/gcc/arm-none-eabi/12.3.1/../../../../arm-none-eabi/lib/thumb/v7-m/nofp\libc_nano.a(libc_a-reent.o)
                              C:/ST/STM32CubeIDE_1.17.0/STM32CubeIDE/plugins/com.st.stm32cube.ide.mcu.externaltools.gnu-tools-for-stm32.12.3.rel1.win32_1.1.0.202410251130/tools/bin/../lib/gcc/arm-none-eabi/12.3.1/../../../../arm-none-eabi/lib/thumb/v7-m/nofp\libc_nano.a(libc_a-closer.o) (errno)
C:/ST/STM32CubeIDE_1.17.0/STM32CubeIDE/plugins/com.st.stm32cube.ide.mcu.externaltools.gnu-tools-for-stm32.12.3.rel1.win32_1.1.0.202410251130/tools/bin/../lib/gcc/arm-none-eabi/12.3.1/../../../../arm-none-eabi/lib/thumb/v7-m/nofp\libc_nano.a(libc_a-impure.o)
                              C:/ST/STM32CubeIDE_1.17.0/STM32CubeIDE/plugins/com.st.stm32cube.ide.mcu.externaltools.gnu-tools-for-stm32.12.3.rel1.win32_1.1.0.202410251130/tools/bin/../lib/gcc/arm-none-eabi/12.3.1/../../../../arm-none-eabi/lib/thumb/v7-m/nofp\libc_nano.a(libc_a-reent.o) (_impure_ptr)
C:/ST/STM32CubeIDE_1.17.0/STM32CubeIDE/plugins/com.st.stm32cube.ide.mcu.externaltools.gnu-tools-for-stm32.12.3.rel1.win32_1.1.0.202410251130/tools/bin/../lib/gcc/arm-none-eabi/12.3.1/../../../../arm-none-eabi/lib/thumb/v7-m/nofp\libc_nano.a(libc_a-lseekr.o)
[...]
Memory Configuration

Name             Origin             Length             Attributes
RAM              0x20000000         0x00005000         xrw
FLASH            0x08000000         0x00010000         xr
*default*        0x00000000         0xffffffff

Linker script and memory map

LOAD C:/ST/STM32CubeIDE_1.17.0/STM32CubeIDE/plugins/com.st.stm32cube.ide.mcu.externaltools.gnu-tools-for-stm32.12.3.rel1.win32_1.1.0.202410251130/tools/bin/../lib/gcc/arm-none-eabi/12.3.1/thumb/v7-m/nofp/crti.o
LOAD C:/ST/STM32CubeIDE_1.17.0/STM32CubeIDE/plugins/com.st.stm32cube.ide.mcu.externaltools.gnu-tools-for-stm32.12.3.rel1.win32_1.1.0.202410251130/tools/bin/../lib/gcc/arm-none-eabi/12.3.1/thumb/v7-m/nofp/crtbegin.o
LOAD C:/ST/STM32CubeIDE_1.17.0/STM32CubeIDE/plugins/com.st.stm32cube.ide.mcu.externaltools.gnu-tools-for-stm32.12.3.rel1.win32_1.1.0.202410251130/tools/bin/../lib/gcc/arm-none-eabi/12.3.1/../../../../arm-none-eabi/lib/thumb/v7-m/nofp/crt0.o
LOAD ./Core/Src/_stm32_usb_cdc.o
LOAD ./Core/Src/main.o
LOAD ./Core/Src/stm32f1xx_hal_msp.o
LOAD ./Core/Src/stm32f1xx_it.o
LOAD ./Core/Src/syscalls.o
LOAD ./Core/Src/sysmem.o
LOAD ./Core/Src/system_stm32f1xx.o
LOAD ./Core/Startup/startup_stm32f103c8tx.o
LOAD ./Drivers/STM32F1xx_HAL_Driver/Src/stm32f1xx_hal.o
LOAD ./Drivers/STM32F1xx_HAL_Driver/Src/stm32f1xx_hal_cortex.o
LOAD ./Drivers/STM32F1xx_HAL_Driver/Src/stm32f1xx_hal_dma.o
LOAD ./Drivers/STM32F1xx_HAL_Driver/Src/stm32f1xx_hal_exti.o
LOAD ./Drivers/STM32F1xx_HAL_Driver/Src/stm32f1xx_hal_flash.o
LOAD ./Drivers/STM32F1xx_HAL_Driver/Src/stm32f1xx_hal_flash_ex.o
LOAD ./Drivers/STM32F1xx_HAL_Driver/Src/stm32f1xx_hal_gpio.o
LOAD ./Drivers/STM32F1xx_HAL_Driver/Src/stm32f1xx_hal_gpio_ex.o
LOAD ./Drivers/STM32F1xx_HAL_Driver/Src/stm32f1xx_hal_pcd.o
LOAD ./Drivers/STM32F1xx_HAL_Driver/Src/stm32f1xx_hal_pcd_ex.o
LOAD ./Drivers/STM32F1xx_HAL_Driver/Src/stm32f1xx_hal_pwr.o
LOAD ./Drivers/STM32F1xx_HAL_Driver/Src/stm32f1xx_hal_rcc.o
LOAD ./Drivers/STM32F1xx_HAL_Driver/Src/stm32f1xx_hal_rcc_ex.o
LOAD ./Drivers/STM32F1xx_HAL_Driver/Src/stm32f1xx_ll_usb.o
LOAD ./Middlewares/ST/STM32_USB_Device_Library/Class/CDC/Src/usbd_cdc.o
LOAD ./Middlewares/ST/STM32_USB_Device_Library/Core/Src/usbd_core.o
LOAD ./Middlewares/ST/STM32_USB_Device_Library/Core/Src/usbd_ctlreq.o
LOAD ./Middlewares/ST/STM32_USB_Device_Library/Core/Src/usbd_ioreq.o
LOAD ./USB_DEVICE/App/usb_device.o
LOAD ./USB_DEVICE/App/usbd_cdc_if.o
LOAD ./USB_DEVICE/App/usbd_desc.o
LOAD ./USB_DEVICE/Target/usbd_conf.o
START GROUP
LOAD C:/ST/STM32CubeIDE_1.17.0/STM32CubeIDE/plugins/com.st.stm32cube.ide.mcu.externaltools.gnu-tools-for-stm32.12.3.rel1.win32_1.1.0.202410251130/tools/bin/../lib/gcc/arm-none-eabi/12.3.1/../../../../arm-none-eabi/lib/thumb/v7-m/nofp\libc_nano.a
LOAD C:/ST/STM32CubeIDE_1.17.0/STM32CubeIDE/plugins/com.st.stm32cube.ide.mcu.externaltools.gnu-tools-for-stm32.12.3.rel1.win32_1.1.0.202410251130/tools/bin/../lib/gcc/arm-none-eabi/12.3.1/../../../../arm-none-eabi/lib/thumb/v7-m/nofp\libm.a
END GROUP
START GROUP
LOAD C:/ST/STM32CubeIDE_1.17.0/STM32CubeIDE/plugins/com.st.stm32cube.ide.mcu.externaltools.gnu-tools-for-stm32.12.3.rel1.win32_1.1.0.202410251130/tools/bin/../lib/gcc/arm-none-eabi/12.3.1/thumb/v7-m/nofp\libgcc.a
LOAD C:/ST/STM32CubeIDE_1.17.0/STM32CubeIDE/plugins/com.st.stm32cube.ide.mcu.externaltools.gnu-tools-for-stm32.12.3.rel1.win32_1.1.0.202410251130/tools/bin/../lib/gcc/arm-none-eabi/12.3.1/../../../../arm-none-eabi/lib/thumb/v7-m/nofp\libc_nano.a
END GROUP
START GROUP
LOAD C:/ST/STM32CubeIDE_1.17.0/STM32CubeIDE/plugins/com.st.stm32cube.ide.mcu.externaltools.gnu-tools-for-stm32.12.3.rel1.win32_1.1.0.202410251130/tools/bin/../lib/gcc/arm-none-eabi/12.3.1/thumb/v7-m/nofp\libgcc.a
LOAD C:/ST/STM32CubeIDE_1.17.0/STM32CubeIDE/plugins/com.st.stm32cube.ide.mcu.externaltools.gnu-tools-for-stm32.12.3.rel1.win32_1.1.0.202410251130/tools/bin/../lib/gcc/arm-none-eabi/12.3.1/../../../../arm-none-eabi/lib/thumb/v7-m/nofp\libc_nano.a
LOAD C:/ST/STM32CubeIDE_1.17.0/STM32CubeIDE/plugins/com.st.stm32cube.ide.mcu.externaltools.gnu-tools-for-stm32.12.3.rel1.win32_1.1.0.202410251130/tools/bin/../lib/gcc/arm-none-eabi/12.3.1/../../../../arm-none-eabi/lib/thumb/v7-m/nofp\libnosys.a
END GROUP
START GROUP
LOAD C:/ST/STM32CubeIDE_1.17.0/STM32CubeIDE/plugins/com.st.stm32cube.ide.mcu.externaltools.gnu-tools-for-stm32.12.3.rel1.win32_1.1.0.202410251130/tools/bin/../lib/gcc/arm-none-eabi/12.3.1/thumb/v7-m/nofp\libgcc.a
LOAD C:/ST/STM32CubeIDE_1.17.0/STM32CubeIDE/plugins/com.st.stm32cube.ide.mcu.externaltools.gnu-tools-for-stm32.12.3.rel1.win32_1.1.0.202410251130/tools/bin/../lib/gcc/arm-none-eabi/12.3.1/../../../../arm-none-eabi/lib/thumb/v7-m/nofp\libc_nano.a
LOAD C:/ST/STM32CubeIDE_1.17.0/STM32CubeIDE/plugins/com.st.stm32cube.ide.mcu.externaltools.gnu-tools-for-stm32.12.3.rel1.win32_1.1.0.202410251130/tools/bin/../lib/gcc/arm-none-eabi/12.3.1/../../../../arm-none-eabi/lib/thumb/v7-m/nofp\libnosys.a
END GROUP
LOAD C:/ST/STM32CubeIDE_1.17.0/STM32CubeIDE/plugins/com.st.stm32cube.ide.mcu.externaltools.gnu-tools-for-stm32.12.3.rel1.win32_1.1.0.202410251130/tools/bin/../lib/gcc/arm-none-eabi/12.3.1/thumb/v7-m/nofp/crtend.o
LOAD C:/ST/STM32CubeIDE_1.17.0/STM32CubeIDE/plugins/com.st.stm32cube.ide.mcu.externaltools.gnu-tools-for-stm32.12.3.rel1.win32_1.1.0.202410251130/tools/bin/../lib/gcc/arm-none-eabi/12.3.1/thumb/v7-m/nofp/crtn.o
                0x20005000                        _estack = (ORIGIN (RAM) + LENGTH (RAM))
                0x00000200                        _Min_Heap_Size = 0x200
                0x00000400                        _Min_Stack_Size = 0x400

.isr_vector     0x08000000      0x10c
                0x08000000                        . = ALIGN (0x4)
 *(.isr_vector)
 .isr_vector    0x08000000      0x10c ./Core/Startup/startup_stm32f103c8tx.o
                0x08000000                g_pfnVectors
                0x0800010c                        . = ALIGN (0x4)

.text           0x0800010c     0x69a0
                0x0800010c                        . = ALIGN (0x4)
 *(.text)
 .text          0x0800010c       0x40 C:/ST/STM32CubeIDE_1.17.0/STM32CubeIDE/plugins/com.st.stm32cube.ide.mcu.externaltools.gnu-tools-for-stm32.12.3.rel1.win32_1.1.0.202410251130/tools/bin/../lib/gcc/arm-none-eabi/12.3.1/thumb/v7-m/nofp/crtbegin.o
 .text          0x0800014c       0x14 C:/ST/STM32CubeIDE_1.17.0/STM32CubeIDE/plugins/com.st.stm32cube.ide.mcu.externaltools.gnu-tools-for-stm32.12.3.rel1.win32_1.1.0.202410251130/tools/bin/../lib/gcc/arm-none-eabi/12.3.1/../../../../arm-none-eabi/lib/thumb/v7-m/nofp\libc_nano.a(libc_a-strcmp.o)
                0x0800014c                strcmp
 *(.text*)
 .text.__NVIC_EnableIRQ
                0x08000160       0x38 ./Core/Src/main.o
 .text.__NVIC_SetPriority
                0x08000198       0x54 ./Core/Src/main.o
 .text.CHECK_CMD
                0x080001ec      0x17c ./Core/Src/main.o
                0x080001ec                CHECK_CMD
 .text.TIM2_IRQHandler
                0x08000368       0xe0 ./Core/Src/main.o
                0x08000368                TIM2_IRQHandler
 .text.main     0x08000448       0x48 ./Core/Src/main.o
                0x08000448                main
 .text.SystemClock_Config
                0x08000490       0xec ./Core/Src/main.o
                0x08000490                SystemClock_Config
 .text.GPIO_Init
                0x0800057c       0x6c ./Core/Src/main.o
                0x0800057c                GPIO_Init
 .text.TIM2_Init
                0x080005e8       0x64 ./Core/Src/main.o
                0x080005e8                TIM2_Init
 .text.Error_Handler
                0x0800064c        0xc ./Core/Src/main.o
                0x0800064c                Error_Handler
 .text.NMI_Handler
                0x08000658        0x8 ./Core/Src/stm32f1xx_it.o
                0x08000658                NMI_Handler
 .text.HardFault_Handler
                0x08000660        0x8 ./Core/Src/stm32f1xx_it.o
                0x08000660                HardFault_Handler
 .text.MemManage_Handler
                0x08000668        0x8 ./Core/Src/stm32f1xx_it.o
                0x08000668                MemManage_Handler
 .text.BusFault_Handler
                0x08000670        0x8 ./Core/Src/stm32f1xx_it.o
                0x08000670                BusFault_Handler
 .text.UsageFault_Handler
                0x08000678        0x8 ./Core/Src/stm32f1xx_it.o
                0x08000678                UsageFault_Handler
 .text.SVC_Handler
                0x08000680        0xc ./Core/Src/stm32f1xx_it.o
                0x08000680                SVC_Handler
 .text.DebugMon_Handler
                0x0800068c        0xc ./Core/Src/stm32f1xx_it.o
                0x0800068c                DebugMon_Handler
 .text.PendSV_Handler
                0x08000698        0xc ./Core/Src/stm32f1xx_it.o
                0x08000698                PendSV_Handler
 .text.SysTick_Handler
                0x080006a4        0xc ./Core/Src/stm32f1xx_it.o
                0x080006a4                SysTick_Handler
 .text.USB_LP_CAN1_RX0_IRQHandler
                0x080006b0       0x14 ./Core/Src/stm32f1xx_it.o
                0x080006b0                USB_LP_CAN1_RX0_IRQHandler
 .text.SystemInit
                0x080006c4        0xc ./Core/Src/system_stm32f1xx.o
                0x080006c4                SystemInit
 .text.Reset_Handler
                0x080006d0       0x48 ./Core/Startup/startup_stm32f103c8tx.o
                0x080006d0                Reset_Handler
 .text.Default_Handler
                0x08000718        0x2 ./Core/Startup/startup_stm32f103c8tx.o
                0x08000718                RTC_Alarm_IRQHandler
                0x08000718                EXTI2_IRQHandler
                0x08000718                TIM1_CC_IRQHandler
                0x08000718                PVD_IRQHandler
                0x08000718                EXTI3_IRQHandler
                0x08000718                EXTI0_IRQHandler
                0x08000718                I2C2_EV_IRQHandler
                0x08000718                ADC1_2_IRQHandler
                0x08000718                SPI1_IRQHandler
                0x08000718                TAMPER_IRQHandler
                0x08000718                DMA1_Channel4_IRQHandler
                0x08000718                USART3_IRQHandler
                0x08000718                RTC_IRQHandler
                0x08000718                DMA1_Channel7_IRQHandler
                0x08000718                CAN1_RX1_IRQHandler
                0x08000718                TIM4_IRQHandler
                0x08000718                I2C1_EV_IRQHandler
                0x08000718                DMA1_Channel6_IRQHandler
                0x08000718                TIM3_IRQHandler
                0x08000718                RCC_IRQHandler
                0x08000718                TIM1_TRG_COM_IRQHandler
                0x08000718                DMA1_Channel1_IRQHandler
                0x08000718                Default_Handler
                0x08000718                EXTI15_10_IRQHandler
                0x08000718                EXTI9_5_IRQHandler
                0x08000718                SPI2_IRQHandler
                0x08000718                DMA1_Channel5_IRQHandler
                0x08000718                EXTI4_IRQHandler
                0x08000718                USB_HP_CAN1_TX_IRQHandler
                0x08000718                DMA1_Channel3_IRQHandler
                0x08000718                TIM1_UP_IRQHandler
                0x08000718                WWDG_IRQHandler
                0x08000718                TIM1_BRK_IRQHandler
                0x08000718                EXTI1_IRQHandler
                0x08000718                USART2_IRQHandler
                0x08000718                I2C2_ER_IRQHandler
                0x08000718                DMA1_Channel2_IRQHandler
                0x08000718                CAN1_SCE_IRQHandler
                0x08000718                FLASH_IRQHandler
                0x08000718                USART1_IRQHandler
                0x08000718                I2C1_ER_IRQHandler
                0x08000718                USBWakeUp_IRQHandler
 *fill*         0x0800071a        0x2 
 .text.HAL_IncTick
                0x0800071c       0x24 ./Drivers/STM32F1xx_HAL_Driver/Src/stm32f1xx_hal.o
                0x0800071c                HAL_IncTick
 .text.__NVIC_GetPriorityGrouping
                0x08000740       0x1c ./Drivers/STM32F1xx_HAL_Driver/Src/stm32f1xx_hal_cortex.o
 .text.__NVIC_EnableIRQ
                0x0800075c       0x38 ./Drivers/STM32F1xx_HAL_Driver/Src/stm32f1xx_hal_cortex.o
 .text.__NVIC_SetPriority
                0x08000794       0x54 ./Drivers/STM32F1xx_HAL_Driver/Src/stm32f1xx_hal_cortex.o
 .text.NVIC_EncodePriority
                0x080007e8       0x64 ./Drivers/STM32F1xx_HAL_Driver/Src/stm32f1xx_hal_cortex.o
 .text.HAL_NVIC_SetPriority
                0x0800084c       0x38 ./Drivers/STM32F1xx_HAL_Driver/Src/stm32f1xx_hal_cortex.o
                0x0800084c                HAL_NVIC_SetPriority
 .text.HAL_NVIC_EnableIRQ
                0x08000884       0x1c ./Drivers/STM32F1xx_HAL_Driver/Src/stm32f1xx_hal_cortex.o
                0x08000884                HAL_NVIC_EnableIRQ
 .text.HAL_PCD_Init
                0x080008a0      0x1ec ./Drivers/STM32F1xx_HAL_Driver/Src/stm32f1xx_hal_pcd.o
                0x080008a0                HAL_PCD_Init
 .text.HAL_PCD_Start
                0x08000a8c       0x4c ./Drivers/STM32F1xx_HAL_Driver/Src/stm32f1xx_hal_pcd.o
                0x08000a8c                HAL_PCD_Start
 .text.HAL_PCD_IRQHandler
                0x08000ad8      0x260 ./Drivers/STM32F1xx_HAL_Driver/Src/stm32f1xx_hal_pcd.o
                0x08000ad8                HAL_PCD_IRQHandler
 .text.HAL_PCD_SetAddress
                0x08000d38       0x48 ./Drivers/STM32F1xx_HAL_Driver/Src/stm32f1xx_hal_pcd.o
                0x08000d38                HAL_PCD_SetAddress
 .text.HAL_PCD_EP_Open
                0x08000d80       0xba ./Drivers/STM32F1xx_HAL_Driver/Src/stm32f1xx_hal_pcd.o
                0x08000d80                HAL_PCD_EP_Open
 .text.HAL_PCD_EP_Close
                0x08000e3a       0x90 ./Drivers/STM32F1xx_HAL_Driver/Src/stm32f1xx_hal_pcd.o
                0x08000e3a                HAL_PCD_EP_Close
 .text.HAL_PCD_EP_Receive
                0x08000eca       0x62 ./Drivers/STM32F1xx_HAL_Driver/Src/stm32f1xx_hal_pcd.o
                0x08000eca                HAL_PCD_EP_Receive
 .text.HAL_PCD_EP_GetRxCount
                0x08000f2c       0x2e ./Drivers/STM32F1xx_HAL_Driver/Src/stm32f1xx_hal_pcd.o
                0x08000f2c                HAL_PCD_EP_GetRxCount
 .text.HAL_PCD_EP_Transmit
                0x08000f5a       0x6e ./Drivers/STM32F1xx_HAL_Driver/Src/stm32f1xx_hal_pcd.o
                0x08000f5a                HAL_PCD_EP_Transmit
 .text.HAL_PCD_EP_SetStall
                0x08000fc8       0xc0 ./Drivers/STM32F1xx_HAL_Driver/Src/stm32f1xx_hal_pcd.o
                0x08000fc8                HAL_PCD_EP_SetStall
 .text.HAL_PCD_EP_ClrStall
                0x08001088       0xa8 ./Drivers/STM32F1xx_HAL_Driver/Src/stm32f1xx_hal_pcd.o
                0x08001088                HAL_PCD_EP_ClrStall
 .text.PCD_EP_ISR_Handler
                0x08001130      0x79e ./Drivers/STM32F1xx_HAL_Driver/Src/stm32f1xx_hal_pcd.o
 .text.HAL_PCD_EP_DB_Receive
                0x080018ce      0x21a ./Drivers/STM32F1xx_HAL_Driver/Src/stm32f1xx_hal_pcd.o
 .text.HAL_PCD_EP_DB_Transmit
                0x08001ae8      0x7f4 ./Drivers/STM32F1xx_HAL_Driver/Src/stm32f1xx_hal_pcd.o
 .text.HAL_PCDEx_PMAConfig
                0x080022dc       0x84 ./Drivers/STM32F1xx_HAL_Driver/Src/stm32f1xx_hal_pcd_ex.o
                0x080022dc                HAL_PCDEx_PMAConfig
 .text.USB_CoreInit
                0x08002360       0x1a ./Drivers/STM32F1xx_HAL_Driver/Src/stm32f1xx_ll_usb.o
                0x08002360                USB_CoreInit
 .text.USB_EnableGlobalInt
                0x0800237a       0x2c ./Drivers/STM32F1xx_HAL_Driver/Src/stm32f1xx_ll_usb.o
                0x0800237a                USB_EnableGlobalInt
 .text.USB_DisableGlobalInt
                0x080023a6       0x34 ./Drivers/STM32F1xx_HAL_Driver/Src/stm32f1xx_ll_usb.o
                0x080023a6                USB_DisableGlobalInt
 .text.USB_SetCurrentMode
                0x080023da       0x18 ./Drivers/STM32F1xx_HAL_Driver/Src/stm32f1xx_ll_usb.o
                0x080023da                USB_SetCurrentMode
 .text.USB_DevInit
                0x080023f2       0x3a ./Drivers/STM32F1xx_HAL_Driver/Src/stm32f1xx_ll_usb.o
                0x080023f2                USB_DevInit
 .text.USB_ActivateEndpoint
                0x0800242c      0x780 ./Drivers/STM32F1xx_HAL_Driver/Src/stm32f1xx_ll_usb.o
                0x0800242c                USB_ActivateEndpoint
 .text.USB_DeactivateEndpoint
                0x08002bac      0x3d8 ./Drivers/STM32F1xx_HAL_Driver/Src/stm32f1xx_ll_usb.o
                0x08002bac                USB_DeactivateEndpoint
 .text.USB_EPStartXfer
                0x08002f84     0x1762 ./Drivers/STM32F1xx_HAL_Driver/Src/stm32f1xx_ll_usb.o
                0x08002f84                USB_EPStartXfer
 .text.USB_EPSetStall
                0x080046e6       0xa0 ./Drivers/STM32F1xx_HAL_Driver/Src/stm32f1xx_ll_usb.o
                0x080046e6                USB_EPSetStall
 .text.USB_EPClearStall
                0x08004786      0x15a ./Drivers/STM32F1xx_HAL_Driver/Src/stm32f1xx_ll_usb.o
                0x08004786                USB_EPClearStall
 .text.USB_SetDevAddress
                0x080048e0       0x26 ./Drivers/STM32F1xx_HAL_Driver/Src/stm32f1xx_ll_usb.o
                0x080048e0                USB_SetDevAddress
 .text.USB_DevConnect
                0x08004906       0x14 ./Drivers/STM32F1xx_HAL_Driver/Src/stm32f1xx_ll_usb.o
                0x08004906                USB_DevConnect
 .text.USB_DevDisconnect
                0x0800491a       0x14 ./Drivers/STM32F1xx_HAL_Driver/Src/stm32f1xx_ll_usb.o
                0x0800491a                USB_DevDisconnect
 .text.USB_ReadInterrupts
                0x0800492e       0x1e ./Drivers/STM32F1xx_HAL_Driver/Src/stm32f1xx_ll_usb.o
                0x0800492e                USB_ReadInterrupts
 .text.USB_EP0_OutStart
                0x0800494c       0x16 ./Drivers/STM32F1xx_HAL_Driver/Src/stm32f1xx_ll_usb.o
                0x0800494c                USB_EP0_OutStart
 .text.USB_WritePMA
                0x08004962       0x8a ./Drivers/STM32F1xx_HAL_Driver/Src/stm32f1xx_ll_usb.o
                0x08004962                USB_WritePMA
 .text.USB_ReadPMA
                0x080049ec       0x9e ./Drivers/STM32F1xx_HAL_Driver/Src/stm32f1xx_ll_usb.o
                0x080049ec                USB_ReadPMA
 .text.USBD_CDC_Init
                0x08004a8a       0xf4 ./Middlewares/ST/STM32_USB_Device_Library/Class/CDC/Src/usbd_cdc.o
 .text.USBD_CDC_DeInit
                0x08004b7e       0x6e ./Middlewares/ST/STM32_USB_Device_Library/Class/CDC/Src/usbd_cdc.o
 .text.USBD_CDC_Setup
                0x08004bec      0x146 ./Middlewares/ST/STM32_USB_Device_Library/Class/CDC/Src/usbd_cdc.o
 .text.USBD_CDC_DataIn
                0x08004d32       0xa6 ./Middlewares/ST/STM32_USB_Device_Library/Class/CDC/Src/usbd_cdc.o
 .text.USBD_CDC_DataOut
                0x08004dd8       0x56 ./Middlewares/ST/STM32_USB_Device_Library/Class/CDC/Src/usbd_cdc.o
 .text.USBD_CDC_EP0_RxReady
                0x08004e2e       0x4e ./Middlewares/ST/STM32_USB_Device_Library/Class/CDC/Src/usbd_cdc.o
 .text.USBD_CDC_GetFSCfgDesc
                0x08004e7c       0x20 ./Middlewares/ST/STM32_USB_Device_Library/Class/CDC/Src/usbd_cdc.o
 .text.USBD_CDC_GetHSCfgDesc
                0x08004e9c       0x20 ./Middlewares/ST/STM32_USB_Device_Library/Class/CDC/Src/usbd_cdc.o
 .text.USBD_CDC_GetOtherSpeedCfgDesc
                0x08004ebc       0x20 ./Middlewares/ST/STM32_USB_Device_Library/Class/CDC/Src/usbd_cdc.o
 .text.USBD_CDC_GetDeviceQualifierDescriptor
                0x08004edc       0x20 ./Middlewares/ST/STM32_USB_Device_Library/Class/CDC/Src/usbd_cdc.o
                0x08004edc                USBD_CDC_GetDeviceQualifierDescriptor
 .text.USBD_CDC_RegisterInterface
                0x08004efc       0x2c ./Middlewares/ST/STM32_USB_Device_Library/Class/CDC/Src/usbd_cdc.o
                0x08004efc                USBD_CDC_RegisterInterface
 .text.USBD_CDC_SetTxBuffer
                0x08004f28       0x32 ./Middlewares/ST/STM32_USB_Device_Library/Class/CDC/Src/usbd_cdc.o
                0x08004f28                USBD_CDC_SetTxBuffer
 .text.USBD_CDC_SetRxBuffer
                0x08004f5a       0x26 ./Middlewares/ST/STM32_USB_Device_Library/Class/CDC/Src/usbd_cdc.o
                0x08004f5a                USBD_CDC_SetRxBuffer
 .text.USBD_CDC_ReceivePacket
                0x08004f80       0x54 ./Middlewares/ST/STM32_USB_Device_Library/Class/CDC/Src/usbd_cdc.o
                0x08004f80                USBD_CDC_ReceivePacket
 .text.USBD_Init
                0x08004fd4       0x56 ./Middlewares/ST/STM32_USB_Device_Library/Core/Src/usbd_core.o
                0x08004fd4                USBD_Init
 .text.USBD_RegisterClass
                0x0800502a       0x32 ./Middlewares/ST/STM32_USB_Device_Library/Core/Src/usbd_core.o
                0x0800502a                USBD_RegisterClass
 .text.USBD_Start
                0x0800505c       0x18 ./Middlewares/ST/STM32_USB_Device_Library/Core/Src/usbd_core.o
                0x0800505c                USBD_Start
 .text.USBD_RunTestMode
                0x08005074       0x14 ./Middlewares/ST/STM32_USB_Device_Library/Core/Src/usbd_core.o
                0x08005074                USBD_RunTestMode
 .text.USBD_SetClassConfig
                0x08005088       0x3e ./Middlewares/ST/STM32_USB_Device_Library/Core/Src/usbd_core.o
                0x08005088                USBD_SetClassConfig
 .text.USBD_ClrClassConfig
                0x080050c6       0x26 ./Middlewares/ST/STM32_USB_Device_Library/Core/Src/usbd_core.o
                0x080050c6                USBD_ClrClassConfig
 .text.USBD_LL_SetupStage
                0x080050ec       0x9a ./Middlewares/ST/STM32_USB_Device_Library/Core/Src/usbd_core.o
                0x080050ec                USBD_LL_SetupStage
 .text.USBD_LL_DataOutStage
                0x08005186       0xe2 ./Middlewares/ST/STM32_USB_Device_Library/Core/Src/usbd_core.o
                0x08005186                USBD_LL_DataOutStage
 .text.USBD_LL_DataInStage
                0x08005268      0x14a ./Middlewares/ST/STM32_USB_Device_Library/Core/Src/usbd_core.o
                0x08005268                USBD_LL_DataInStage
 .text.USBD_LL_Reset
                0x080053b2       0x82 ./Middlewares/ST/STM32_USB_Device_Library/Core/Src/usbd_core.o
                0x080053b2                USBD_LL_Reset
 .text.USBD_LL_SetSpeed
                0x08005434       0x1e ./Middlewares/ST/STM32_USB_Device_Library/Core/Src/usbd_core.o
                0x08005434                USBD_LL_SetSpeed
 .text.USBD_LL_Suspend
                0x08005452       0x28 ./Middlewares/ST/STM32_USB_Device_Library/Core/Src/usbd_core.o
                0x08005452                USBD_LL_Suspend
 .text.USBD_LL_Resume
                0x0800547a       0x2a ./Middlewares/ST/STM32_USB_Device_Library/Core/Src/usbd_core.o
                0x0800547a                USBD_LL_Resume
 .text.USBD_LL_SOF
                0x080054a4       0x34 ./Middlewares/ST/STM32_USB_Device_Library/Core/Src/usbd_core.o
                0x080054a4                USBD_LL_SOF
 .text.USBD_StdDevReq
                0x080054d8       0xd4 ./Middlewares/ST/STM32_USB_Device_Library/Core/Src/usbd_ctlreq.o
                0x080054d8                USBD_StdDevReq
 .text.USBD_StdItfReq
                0x080055ac       0x90 ./Middlewares/ST/STM32_USB_Device_Library/Core/Src/usbd_ctlreq.o
                0x080055ac                USBD_StdItfReq
 .text.USBD_StdEPReq
                0x0800563c      0x2c6 ./Middlewares/ST/STM32_USB_Device_Library/Core/Src/usbd_ctlreq.o
                0x0800563c                USBD_StdEPReq
 *fill*         0x08005902        0x2 
 .text.USBD_GetDescriptor
                0x08005904      0x2d0 ./Middlewares/ST/STM32_USB_Device_Library/Core/Src/usbd_ctlreq.o
 .text.USBD_SetAddress
                0x08005bd4       0x86 ./Middlewares/ST/STM32_USB_Device_Library/Core/Src/usbd_ctlreq.o
 *fill*         0x08005c5a        0x2 
 .text.USBD_SetConfig
                0x08005c5c      0x11c ./Middlewares/ST/STM32_USB_Device_Library/Core/Src/usbd_ctlreq.o
 .text.USBD_GetConfig
                0x08005d78       0x6a ./Middlewares/ST/STM32_USB_Device_Library/Core/Src/usbd_ctlreq.o
 .text.USBD_GetStatus
                0x08005de2       0x66 ./Middlewares/ST/STM32_USB_Device_Library/Core/Src/usbd_ctlreq.o
 .text.USBD_SetFeature
                0x08005e48       0x28 ./Middlewares/ST/STM32_USB_Device_Library/Core/Src/usbd_ctlreq.o
 .text.USBD_ClrFeature
                0x08005e70       0x42 ./Middlewares/ST/STM32_USB_Device_Library/Core/Src/usbd_ctlreq.o
 .text.USBD_ParseSetupRequest
                0x08005eb2       0x72 ./Middlewares/ST/STM32_USB_Device_Library/Core/Src/usbd_ctlreq.o
                0x08005eb2                USBD_ParseSetupRequest
 .text.USBD_CtlError
                0x08005f24       0x22 ./Middlewares/ST/STM32_USB_Device_Library/Core/Src/usbd_ctlreq.o
                0x08005f24                USBD_CtlError
 .text.USBD_GetString
                0x08005f46       0x84 ./Middlewares/ST/STM32_USB_Device_Library/Core/Src/usbd_ctlreq.o
                0x08005f46                USBD_GetString
 .text.USBD_GetLen
                0x08005fca       0x2e ./Middlewares/ST/STM32_USB_Device_Library/Core/Src/usbd_ctlreq.o
 .text.USBD_CtlSendData
                0x08005ff8       0x38 ./Middlewares/ST/STM32_USB_Device_Library/Core/Src/usbd_ioreq.o
                0x08005ff8                USBD_CtlSendData
 .text.USBD_CtlContinueSendData
                0x08006030       0x24 ./Middlewares/ST/STM32_USB_Device_Library/Core/Src/usbd_ioreq.o
                0x08006030                USBD_CtlContinueSendData
 .text.USBD_CtlPrepareRx
                0x08006054       0x3c ./Middlewares/ST/STM32_USB_Device_Library/Core/Src/usbd_ioreq.o
                0x08006054                USBD_CtlPrepareRx
 .text.USBD_CtlContinueRx
                0x08006090       0x24 ./Middlewares/ST/STM32_USB_Device_Library/Core/Src/usbd_ioreq.o
                0x08006090                USBD_CtlContinueRx
 .text.USBD_CtlSendStatus
                0x080060b4       0x26 ./Middlewares/ST/STM32_USB_Device_Library/Core/Src/usbd_ioreq.o
                0x080060b4                USBD_CtlSendStatus
 .text.USBD_CtlReceiveStatus
                0x080060da       0x26 ./Middlewares/ST/STM32_USB_Device_Library/Core/Src/usbd_ioreq.o
                0x080060da                USBD_CtlReceiveStatus
 .text.MX_USB_DEVICE_Init
                0x08006100       0x60 ./USB_DEVICE/App/usb_device.o
                0x08006100                MX_USB_DEVICE_Init
 .text.CDC_Init_FS
                0x08006160       0x28 ./USB_DEVICE/App/usbd_cdc_if.o
 .text.CDC_DeInit_FS
                0x08006188        0xe ./USB_DEVICE/App/usbd_cdc_if.o
 *fill*         0x08006196        0x2 
 .text.CDC_Control_FS
                0x08006198       0xbc ./USB_DEVICE/App/usbd_cdc_if.o
 .text.CDC_Receive_FS
                0x08006254       0x5c ./USB_DEVICE/App/usbd_cdc_if.o
 .text.USBD_FS_DeviceDescriptor
                0x080062b0       0x24 ./USB_DEVICE/App/usbd_desc.o
                0x080062b0                USBD_FS_DeviceDescriptor
 .text.USBD_FS_LangIDStrDescriptor
                0x080062d4       0x24 ./USB_DEVICE/App/usbd_desc.o
                0x080062d4                USBD_FS_LangIDStrDescriptor
 .text.USBD_FS_ProductStrDescriptor
                0x080062f8       0x3c ./USB_DEVICE/App/usbd_desc.o
                0x080062f8                USBD_FS_ProductStrDescriptor
 .text.USBD_FS_ManufacturerStrDescriptor
                0x08006334       0x28 ./USB_DEVICE/App/usbd_desc.o
                0x08006334                USBD_FS_ManufacturerStrDescriptor
 .text.USBD_FS_SerialStrDescriptor
                0x0800635c       0x24 ./USB_DEVICE/App/usbd_desc.o
                0x0800635c                USBD_FS_SerialStrDescriptor
 .text.USBD_FS_ConfigStrDescriptor
                0x08006380       0x3c ./USB_DEVICE/App/usbd_desc.o
                0x08006380                USBD_FS_ConfigStrDescriptor
 .text.USBD_FS_InterfaceStrDescriptor
                0x080063bc       0x3c ./USB_DEVICE/App/usbd_desc.o
                0x080063bc                USBD_FS_InterfaceStrDescriptor
 .text.Get_SerialNum
                0x080063f8       0x58 ./USB_DEVICE/App/usbd_desc.o
 .text.IntToUnicode
                0x08006450       0x7c ./USB_DEVICE/App/usbd_desc.o
 .text.HAL_PCD_MspInit
                0x080064cc       0x4c ./USB_DEVICE/Target/usbd_conf.o
                0x080064cc                HAL_PCD_MspInit
 .text.HAL_PCD_SetupStageCallback
                0x08006518       0x24 ./USB_DEVICE/Target/usbd_conf.o
                0x08006518                HAL_PCD_SetupStageCallback
 .text.HAL_PCD_DataOutStageCallback
                0x0800653c       0x36 ./USB_DEVICE/Target/usbd_conf.o
                0x0800653c                HAL_PCD_DataOutStageCallback
 .text.HAL_PCD_DataInStageCallback
                0x08006572       0x34 ./USB_DEVICE/Target/usbd_conf.o
                0x08006572                HAL_PCD_DataInStageCallback
 .text.HAL_PCD_SOFCallback
                0x080065a6       0x1c ./USB_DEVICE/Target/usbd_conf.o
                0x080065a6                HAL_PCD_SOFCallback
 .text.HAL_PCD_ResetCallback
                0x080065c2       0x3c ./USB_DEVICE/Target/usbd_conf.o
                0x080065c2                HAL_PCD_ResetCallback
 *fill*         0x080065fe        0x2 
 .text.HAL_PCD_SuspendCallback
                0x08006600       0x34 ./USB_DEVICE/Target/usbd_conf.o
                0x08006600                HAL_PCD_SuspendCallback
 .text.HAL_PCD_ResumeCallback
                0x08006634       0x1c ./USB_DEVICE/Target/usbd_conf.o
                0x08006634                HAL_PCD_ResumeCallback
 .text.USBD_LL_Init
                0x08006650       0xb4 ./USB_DEVICE/Target/usbd_conf.o
                0x08006650                USBD_LL_Init
 .text.USBD_LL_Start
                0x08006704       0x36 ./USB_DEVICE/Target/usbd_conf.o
                0x08006704                USBD_LL_Start
 .text.USBD_LL_OpenEP
                0x0800673a       0x4c ./USB_DEVICE/Target/usbd_conf.o
                0x0800673a                USBD_LL_OpenEP
 .text.USBD_LL_CloseEP
                0x08006786       0x3e ./USB_DEVICE/Target/usbd_conf.o
                0x08006786                USBD_LL_CloseEP
 .text.USBD_LL_StallEP
                0x080067c4       0x3e ./USB_DEVICE/Target/usbd_conf.o
                0x080067c4                USBD_LL_StallEP
 .text.USBD_LL_ClearStallEP
                0x08006802       0x3e ./USB_DEVICE/Target/usbd_conf.o
                0x08006802                USBD_LL_ClearStallEP
 .text.USBD_LL_IsStallEP
                0x08006840       0x56 ./USB_DEVICE/Target/usbd_conf.o
                0x08006840                USBD_LL_IsStallEP
 .text.USBD_LL_SetUSBAddress
                0x08006896       0x3e ./USB_DEVICE/Target/usbd_conf.o
                0x08006896                USBD_LL_SetUSBAddress
 .text.USBD_LL_Transmit
                0x080068d4       0x46 ./USB_DEVICE/Target/usbd_conf.o
                0x080068d4                USBD_LL_Transmit
 .text.USBD_LL_PrepareReceive
                0x0800691a       0x46 ./USB_DEVICE/Target/usbd_conf.o
                0x0800691a                USBD_LL_PrepareReceive
 .text.USBD_LL_GetRxDataSize
                0x08006960       0x26 ./USB_DEVICE/Target/usbd_conf.o
                0x08006960                USBD_LL_GetRxDataSize
 *fill*         0x08006986        0x2 
 .text.USBD_static_malloc
                0x08006988       0x18 ./USB_DEVICE/Target/usbd_conf.o
                0x08006988                USBD_static_malloc
 .text.USBD_static_free
                0x080069a0       0x12 ./USB_DEVICE/Target/usbd_conf.o
                0x080069a0                USBD_static_free
 .text.HAL_PCDEx_SetConnectionState
                0x080069b2       0x16 ./USB_DEVICE/Target/usbd_conf.o
                0x080069b2                HAL_PCDEx_SetConnectionState
 .text.USBD_Get_USB_Status
                0x080069c8       0x58 ./USB_DEVICE/Target/usbd_conf.o
 .text.memset   0x08006a20       0x10 C:/ST/STM32CubeIDE_1.17.0/STM32CubeIDE/plugins/com.st.stm32cube.ide.mcu.externaltools.gnu-tools-for-stm32.12.3.rel1.win32_1.1.0.202410251130/tools/bin/../lib/gcc/arm-none-eabi/12.3.1/../../../../arm-none-eabi/lib/thumb/v7-m/nofp\libc_nano.a(libc_a-memset.o)
                0x08006a20                memset
 .text.__libc_init_array
                0x08006a30       0x48 C:/ST/STM32CubeIDE_1.17.0/STM32CubeIDE/plugins/com.st.stm32cube.ide.mcu.externaltools.gnu-tools-for-stm32.12.3.rel1.win32_1.1.0.202410251130/tools/bin/../lib/gcc/arm-none-eabi/12.3.1/../../../../arm-none-eabi/lib/thumb/v7-m/nofp\libc_nano.a(libc_a-init.o)
                0x08006a30                __libc_init_array
 .text.memcpy   0x08006a78       0x1c C:/ST/STM32CubeIDE_1.17.0/STM32CubeIDE/plugins/com.st.stm32cube.ide.mcu.externaltools.gnu-tools-for-stm32.12.3.rel1.win32_1.1.0.202410251130/tools/bin/../lib/gcc/arm-none-eabi/12.3.1/../../../../arm-none-eabi/lib/thumb/v7-m/nofp\libc_nano.a(libc_a-memcpy-stub.o)
                0x08006a78                memcpy
 *(.glue_7)
 .glue_7        0x08006a94        0x0 linker stubs
 *(.glue_7t)
 .glue_7t       0x08006a94        0x0 linker stubs
 *(.eh_frame)
 .eh_frame      0x08006a94        0x0 C:/ST/STM32CubeIDE_1.17.0/STM32CubeIDE/plugins/com.st.stm32cube.ide.mcu.externaltools.gnu-tools-for-stm32.12.3.rel1.win32_1.1.0.202410251130/tools/bin/../lib/gcc/arm-none-eabi/12.3.1/thumb/v7-m/nofp/crtbegin.o
 *(.init)
 .init          0x08006a94        0x4 C:/ST/STM32CubeIDE_1.17.0/STM32CubeIDE/plugins/com.st.stm32cube.ide.mcu.externaltools.gnu-tools-for-stm32.12.3.rel1.win32_1.1.0.202410251130/tools/bin/../lib/gcc/arm-none-eabi/12.3.1/thumb/v7-m/nofp/crti.o
                0x08006a94                _init
 .init          0x08006a98        0x8 C:/ST/STM32CubeIDE_1.17.0/STM32CubeIDE/plugins/com.st.stm32cube.ide.mcu.externaltools.gnu-tools-for-stm32.12.3.rel1.win32_1.1.0.202410251130/tools/bin/../lib/gcc/arm-none-eabi/12.3.1/thumb/v7-m/nofp/crtn.o
 *(.fini)
 .fini          0x08006aa0        0x4 C:/ST/STM32CubeIDE_1.17.0/STM32CubeIDE/plugins/com.st.stm32cube.ide.mcu.externaltools.gnu-tools-for-stm32.12.3.rel1.win32_1.1.0.202410251130/tools/bin/../lib/gcc/arm-none-eabi/12.3.1/thumb/v7-m/nofp/crti.o
                0x08006aa0                _fini
 .fini          0x08006aa4        0x8 C:/ST/STM32CubeIDE_1.17.0/STM32CubeIDE/plugins/com.st.stm32cube.ide.mcu.externaltools.gnu-tools-for-stm32.12.3.rel1.win32_1.1.0.202410251130/tools/bin/../lib/gcc/arm-none-eabi/12.3.1/thumb/v7-m/nofp/crtn.o
                0x08006aac                        . = ALIGN (0x4)
                0x08006aac                        _etext = .

.vfp11_veneer   0x08006aac        0x0
 .vfp11_veneer  0x08006aac        0x0 linker stubs

.v4_bx          0x08006aac        0x0
 .v4_bx         0x08006aac        0x0 linker stubs

.iplt           0x08006aac        0x0
 .iplt          0x08006aac        0x0 C:/ST/STM32CubeIDE_1.17.0/STM32CubeIDE/plugins/com.st.stm32cube.ide.mcu.externaltools.gnu-tools-for-stm32.12.3.rel1.win32_1.1.0.202410251130/tools/bin/../lib/gcc/arm-none-eabi/12.3.1/thumb/v7-m/nofp/crtbegin.o

.rodata         0x08006aac       0x5c
                0x08006aac                        . = ALIGN (0x4)
 *(.rodata)
 .rodata        0x08006aac       0x14 ./Core/Src/main.o
 .rodata        0x08006ac0       0x46 ./USB_DEVICE/App/usbd_desc.o
 *(.rodata*)
                0x08006b08                        . = ALIGN (0x4)
 *fill*         0x08006b06        0x2 

.ARM.extab      0x08006b08        0x0
                0x08006b08                        . = ALIGN (0x4)
 *(.ARM.extab* .gnu.linkonce.armextab.*)
                0x08006b08                        . = ALIGN (0x4)

.ARM            0x08006b08        0x8
                0x08006b08                        . = ALIGN (0x4)
                0x08006b08                        __exidx_start = .
 *(.ARM.exidx*)
 .ARM.exidx     0x08006b08        0x8 C:/ST/STM32CubeIDE_1.17.0/STM32CubeIDE/plugins/com.st.stm32cube.ide.mcu.externaltools.gnu-tools-for-stm32.12.3.rel1.win32_1.1.0.202410251130/tools/bin/../lib/gcc/arm-none-eabi/12.3.1/../../../../arm-none-eabi/lib/thumb/v7-m/nofp\libc_nano.a(libc_a-strcmp.o)
                0x08006b10                        __exidx_end = .
                0x08006b10                        . = ALIGN (0x4)

.preinit_array  0x08006b10        0x0
                0x08006b10                        . = ALIGN (0x4)
                0x08006b10                        PROVIDE (__preinit_array_start = .)
 *(.preinit_array*)
                0x08006b10                        PROVIDE (__preinit_array_end = .)
                0x08006b10                        . = ALIGN (0x4)

.init_array     0x08006b10        0x4
                0x08006b10                        . = ALIGN (0x4)
                0x08006b10                        PROVIDE (__init_array_start = .)
 *(SORT_BY_NAME(.init_array.*))
 *(.init_array*)
 .init_array    0x08006b10        0x4 C:/ST/STM32CubeIDE_1.17.0/STM32CubeIDE/plugins/com.st.stm32cube.ide.mcu.externaltools.gnu-tools-for-stm32.12.3.rel1.win32_1.1.0.202410251130/tools/bin/../lib/gcc/arm-none-eabi/12.3.1/thumb/v7-m/nofp/crtbegin.o
                0x08006b14                        PROVIDE (__init_array_end = .)
                0x08006b14                        . = ALIGN (0x4)

.fini_array     0x08006b14        0x4
                0x08006b14                        . = ALIGN (0x4)
                [!provide]                        PROVIDE (__fini_array_start = .)
 *(SORT_BY_NAME(.fini_array.*))
 *(.fini_array*)
 .fini_array    0x08006b14        0x4 C:/ST/STM32CubeIDE_1.17.0/STM32CubeIDE/plugins/com.st.stm32cube.ide.mcu.externaltools.gnu-tools-for-stm32.12.3.rel1.win32_1.1.0.202410251130/tools/bin/../lib/gcc/arm-none-eabi/12.3.1/thumb/v7-m/nofp/crtbegin.o
                [!provide]                        PROVIDE (__fini_array_end = .)
                0x08006b18                        . = ALIGN (0x4)
                0x08006b18                        _sidata = LOADADDR (.data)

.rel.dyn        0x08006b18        0x0
 .rel.iplt      0x08006b18        0x0 C:/ST/STM32CubeIDE_1.17.0/STM32CubeIDE/plugins/com.st.stm32cube.ide.mcu.externaltools.gnu-tools-for-stm32.12.3.rel1.win32_1.1.0.202410251130/tools/bin/../lib/gcc/arm-none-eabi/12.3.1/thumb/v7-m/nofp/crtbegin.o

.data           0x20000000      0x1a4 load address 0x08006b18
                0x20000000                        . = ALIGN (0x4)
                0x20000000                        _sdata = .
 *(.data)
 *(.data*)
 .data.cur_pos  0x20000000        0x4 ./Core/Src/main.o
                0x20000000                cur_pos
 .data.max_pos  0x20000004        0x4 ./Core/Src/main.o
                0x20000004                max_pos
 .data.led_buf_r
                0x20000008       0x28 ./Core/Src/main.o
                0x20000008                led_buf_r
 .data.uwTickFreq
                0x20000030        0x1 ./Drivers/STM32F1xx_HAL_Driver/Src/stm32f1xx_hal.o
                0x20000030                uwTickFreq
 *fill*         0x20000031        0x3 
 .data.USBD_CDC_DeviceQualifierDesc
                0x20000034        0xa ./Middlewares/ST/STM32_USB_Device_Library/Class/CDC/Src/usbd_cdc.o
 *fill*         0x2000003e        0x2 
 .data.USBD_CDC
                0x20000040       0x38 ./Middlewares/ST/STM32_USB_Device_Library/Class/CDC/Src/usbd_cdc.o
                0x20000040                USBD_CDC
 .data.USBD_CDC_CfgHSDesc
                0x20000078       0x43 ./Middlewares/ST/STM32_USB_Device_Library/Class/CDC/Src/usbd_cdc.o
                0x20000078                USBD_CDC_CfgHSDesc
 *fill*         0x200000bb        0x1 
 .data.USBD_CDC_CfgFSDesc
                0x200000bc       0x43 ./Middlewares/ST/STM32_USB_Device_Library/Class/CDC/Src/usbd_cdc.o
                0x200000bc                USBD_CDC_CfgFSDesc
 *fill*         0x200000ff        0x1 
 .data.USBD_CDC_OtherSpeedCfgDesc
                0x20000100       0x43 ./Middlewares/ST/STM32_USB_Device_Library/Class/CDC/Src/usbd_cdc.o
                0x20000100                USBD_CDC_OtherSpeedCfgDesc
 *fill*         0x20000143        0x1 
 .data.USBD_Interface_fops_FS
                0x20000144       0x10 ./USB_DEVICE/App/usbd_cdc_if.o
                0x20000144                USBD_Interface_fops_FS
 .data.FS_Desc  0x20000154       0x1c ./USB_DEVICE/App/usbd_desc.o
                0x20000154                FS_Desc
 .data.USBD_FS_DeviceDesc
                0x20000170       0x12 ./USB_DEVICE/App/usbd_desc.o
                0x20000170                USBD_FS_DeviceDesc
 *fill*         0x20000182        0x2 
 .data.USBD_LangIDDesc
                0x20000184        0x4 ./USB_DEVICE/App/usbd_desc.o
                0x20000184                USBD_LangIDDesc
 .data.USBD_StringSerial
                0x20000188       0x1a ./USB_DEVICE/App/usbd_desc.o
                0x20000188                USBD_StringSerial
 *(.RamFunc)
 *(.RamFunc*)
                0x200001a4                        . = ALIGN (0x4)
 *fill*         0x200001a2        0x2 
                0x200001a4                        _edata = .

.igot.plt       0x200001a4        0x0 load address 0x08006cbc
 .igot.plt      0x200001a4        0x0 C:/ST/STM32CubeIDE_1.17.0/STM32CubeIDE/plugins/com.st.stm32cube.ide.mcu.externaltools.gnu-tools-for-stm32.12.3.rel1.win32_1.1.0.202410251130/tools/bin/../lib/gcc/arm-none-eabi/12.3.1/thumb/v7-m/nofp/crtbegin.o
                0x200001a4                        . = ALIGN (0x4)

.bss            0x200001a4     0x1250 load address 0x08006cbc
                0x200001a4                        _sbss = .
                0x200001a4                        __bss_start__ = _sbss
 *(.bss)
 .bss           0x200001a4       0x1c C:/ST/STM32CubeIDE_1.17.0/STM32CubeIDE/plugins/com.st.stm32cube.ide.mcu.externaltools.gnu-tools-for-stm32.12.3.rel1.win32_1.1.0.202410251130/tools/bin/../lib/gcc/arm-none-eabi/12.3.1/thumb/v7-m/nofp/crtbegin.o
 *(.bss*)
 .bss.usb_rx_buffer
                0x200001c0       0x40 ./Core/Src/_stm32_usb_cdc.o
                0x200001c0                usb_rx_buffer
 .bss.uart_line_ready
                0x20000200        0x1 ./Core/Src/_stm32_usb_cdc.o
                0x20000200                uart_line_ready
 *fill*         0x20000201        0x3 
 .bss.led_buf_l
                0x20000204       0x28 ./Core/Src/main.o
                0x20000204                led_buf_l
 .bss.buf_pos   0x2000022c        0x4 ./Core/Src/main.o
                0x2000022c                buf_pos
 .bss.uwTick    0x20000230        0x4 ./Drivers/STM32F1xx_HAL_Driver/Src/stm32f1xx_hal.o
                0x20000230                uwTick
 .bss.cfgidx.0  0x20000234        0x1 ./Middlewares/ST/STM32_USB_Device_Library/Core/Src/usbd_ctlreq.o
 *fill*         0x20000235        0x3 
 .bss.hUsbDeviceFS
                0x20000238      0x2c4 ./USB_DEVICE/App/usb_device.o
                0x20000238                hUsbDeviceFS
 .bss.UserRxBufferFS
                0x200004fc      0x400 ./USB_DEVICE/App/usbd_cdc_if.o
                0x200004fc                UserRxBufferFS
 .bss.UserTxBufferFS
                0x200008fc      0x400 ./USB_DEVICE/App/usbd_cdc_if.o
                0x200008fc                UserTxBufferFS
 .bss.USBD_StrDesc
                0x20000cfc      0x200 ./USB_DEVICE/App/usbd_desc.o
                0x20000cfc                USBD_StrDesc
 .bss.hpcd_USB_FS
                0x20000efc      0x2d8 ./USB_DEVICE/Target/usbd_conf.o
                0x20000efc                hpcd_USB_FS
 .bss.mem.0     0x200011d4      0x220 ./USB_DEVICE/Target/usbd_conf.o
 *(COMMON)
                0x200013f4                        . = ALIGN (0x4)
                0x200013f4                        _ebss = .
                0x200013f4                        __bss_end__ = _ebss

._user_heap_stack
                0x200013f4      0x604 load address 0x08006cbc
                0x200013f8                        . = ALIGN (0x8)
 *fill*         0x200013f4        0x4 
                [!provide]                        PROVIDE (end = .)
                0x200013f8                        PROVIDE (_end = .)
                0x200015f8                        . = (. + _Min_Heap_Size)
 *fill*         0x200013f8      0x200 
                0x200019f8                        . = (. + _Min_Stack_Size)
 *fill*         0x200015f8      0x400 
                0x200019f8                        . = ALIGN (0x8)

/DISCARD/
 libc.a(*)
 libm.a(*)
 libgcc.a(*)

.ARM.attributes
                0x00000000       0x29
 *(.ARM.attributes)
 .ARM.attributes
                0x00000000       0x1d C:/ST/STM32CubeIDE_1.17.0/STM32CubeIDE/plugins/com.st.stm32cube.ide.mcu.externaltools.gnu-tools-for-stm32.12.3.rel1.win32_1.1.0.202410251130/tools/bin/../lib/gcc/arm-none-eabi/12.3.1/thumb/v7-m/nofp/crti.o
 .ARM.attributes
                0x0000001d       0x2d C:/ST/STM32CubeIDE_1.17.0/STM32CubeIDE/plugins/com.st.stm32cube.ide.mcu.externaltools.gnu-tools-for-stm32.12.3.rel1.win32_1.1.0.202410251130/tools/bin/../lib/gcc/arm-none-eabi/12.3.1/thumb/v7-m/nofp/crtbegin.o
 .ARM.attributes
                0x0000004a       0x2d ./Core/Src/_stm32_usb_cdc.o
 .ARM.attributes
                0x00000077       0x2d ./Core/Src/main.o
 .ARM.attributes
                0x000000a4       0x2d ./Core/Src/stm32f1xx_it.o
 .ARM.attributes
                0x000000d1       0x2d ./Core/Src/system_stm32f1xx.o
 .ARM.attributes
                0x000000fe       0x21 ./Core/Startup/startup_stm32f103c8tx.o
 .ARM.attributes
                0x0000011f       0x2d ./Drivers/STM32F1xx_HAL_Driver/Src/stm32f1xx_hal.o
 .ARM.attributes
                0x0000014c       0x2d ./Drivers/STM32F1xx_HAL_Driver/Src/stm32f1xx_hal_cortex.o
 .ARM.attributes
                0x00000179       0x2d ./Drivers/STM32F1xx_HAL_Driver/Src/stm32f1xx_hal_pcd.o
 .ARM.attributes
                0x000001a6       0x2d ./Drivers/STM32F1xx_HAL_Driver/Src/stm32f1xx_hal_pcd_ex.o
 .ARM.attributes
                0x000001d3       0x2d ./Drivers/STM32F1xx_HAL_Driver/Src/stm32f1xx_ll_usb.o
 .ARM.attributes
                0x00000200       0x2d ./Middlewares/ST/STM32_USB_Device_Library/Class/CDC/Src/usbd_cdc.o
 .ARM.attributes
                0x0000022d       0x2d ./Middlewares/ST/STM32_USB_Device_Library/Core/Src/usbd_core.o
 .ARM.attributes
                0x0000025a       0x2d ./Middlewares/ST/STM32_USB_Device_Library/Core/Src/usbd_ctlreq.o
 .ARM.attributes
                0x00000287       0x2d ./Middlewares/ST/STM32_USB_Device_Library/Core/Src/usbd_ioreq.o
 .ARM.attributes
                0x000002b4       0x2d ./USB_DEVICE/App/usb_device.o
 .ARM.attributes
                0x000002e1       0x2d ./USB_DEVICE/App/usbd_cdc_if.o
 .ARM.attributes
                0x0000030e       0x2d ./USB_DEVICE/App/usbd_desc.o
 .ARM.attributes
                0x0000033b       0x2d ./USB_DEVICE/Target/usbd_conf.o
 .ARM.attributes
                0x00000368       0x2d C:/ST/STM32CubeIDE_1.17.0/STM32CubeIDE/plugins/com.st.stm32cube.ide.mcu.externaltools.gnu-tools-for-stm32.12.3.rel1.win32_1.1.0.202410251130/tools/bin/../lib/gcc/arm-none-eabi/12.3.1/../../../../arm-none-eabi/lib/thumb/v7-m/nofp\libc_nano.a(libc_a-memset.o)
 .ARM.attributes
                0x00000395       0x2d C:/ST/STM32CubeIDE_1.17.0/STM32CubeIDE/plugins/com.st.stm32cube.ide.mcu.externaltools.gnu-tools-for-stm32.12.3.rel1.win32_1.1.0.202410251130/tools/bin/../lib/gcc/arm-none-eabi/12.3.1/../../../../arm-none-eabi/lib/thumb/v7-m/nofp\libc_nano.a(libc_a-init.o)
 .ARM.attributes
                0x000003c2       0x1b C:/ST/STM32CubeIDE_1.17.0/STM32CubeIDE/plugins/com.st.stm32cube.ide.mcu.externaltools.gnu-tools-for-stm32.12.3.rel1.win32_1.1.0.202410251130/tools/bin/../lib/gcc/arm-none-eabi/12.3.1/../../../../arm-none-eabi/lib/thumb/v7-m/nofp\libc_nano.a(libc_a-strcmp.o)
 .ARM.attributes
                0x000003dd       0x2d C:/ST/STM32CubeIDE_1.17.0/STM32CubeIDE/plugins/com.st.stm32cube.ide.mcu.externaltools.gnu-tools-for-stm32.12.3.rel1.win32_1.1.0.202410251130/tools/bin/../lib/gcc/arm-none-eabi/12.3.1/../../../../arm-none-eabi/lib/thumb/v7-m/nofp\libc_nano.a(libc_a-memcpy-stub.o)
 .ARM.attributes
                0x0000040a       0x1d C:/ST/STM32CubeIDE_1.17.0/STM32CubeIDE/plugins/com.st.stm32cube.ide.mcu.externaltools.gnu-tools-for-stm32.12.3.rel1.win32_1.1.0.202410251130/tools/bin/../lib/gcc/arm-none-eabi/12.3.1/thumb/v7-m/nofp/crtn.o
OUTPUT(API_CMD_RECEIVER.elf elf32-littlearm)
LOAD linker stubs
LOAD C:/ST/STM32CubeIDE_1.17.0/STM32CubeIDE/plugins/com.st.stm32cube.ide.mcu.externaltools.gnu-tools-for-stm32.12.3.rel1.win32_1.1.0.202410251130/tools/bin/../lib/gcc/arm-none-eabi/12.3.1/../../../../arm-none-eabi/lib/thumb/v7-m/nofp\libc.a
LOAD C:/ST/STM32CubeIDE_1.17.0/STM32CubeIDE/plugins/com.st.stm32cube.ide.mcu.externaltools.gnu-tools-for-stm32.12.3.rel1.win32_1.1.0.202410251130/tools/bin/../lib/gcc/arm-none-eabi/12.3.1/../../../../arm-none-eabi/lib/thumb/v7-m/nofp\libm.a
LOAD C:/ST/STM32CubeIDE_1.17.0/STM32CubeIDE/plugins/com.st.stm32cube.ide.mcu.externaltools.gnu-tools-for-stm32.12.3.rel1.win32_1.1.0.202410251130/tools/bin/../lib/gcc/arm-none-eabi/12.3.1/thumb/v7-m/nofp\libgcc.a

.debug_info     0x00000000     0xb0bc
 .debug_info    0x00000000       0xff ./Core/Src/_stm32_usb_cdc.o
 .debug_info    0x000000ff      0xad7 ./Core/Src/main.o
 .debug_info    0x00000bd6      0x602 ./Core/Src/stm32f1xx_it.o
 .debug_info    0x000011d8      0x222 ./Core/Src/system_stm32f1xx.o
 .debug_info    0x000013fa       0x30 ./Core/Startup/startup_stm32f103c8tx.o
 .debug_info    0x0000142a      0x704 ./Drivers/STM32F1xx_HAL_Driver/Src/stm32f1xx_hal.o
 .debug_info    0x00001b2e      0xa87 ./Drivers/STM32F1xx_HAL_Driver/Src/stm32f1xx_hal_cortex.o
 .debug_info    0x000025b5     0x16dc ./Drivers/STM32F1xx_HAL_Driver/Src/stm32f1xx_hal_pcd.o
 .debug_info    0x00003c91      0x6c3 ./Drivers/STM32F1xx_HAL_Driver/Src/stm32f1xx_hal_pcd_ex.o
 .debug_info    0x00004354     0x17ae ./Drivers/STM32F1xx_HAL_Driver/Src/stm32f1xx_ll_usb.o
 .debug_info    0x00005b02     0x1043 ./Middlewares/ST/STM32_USB_Device_Library/Class/CDC/Src/usbd_cdc.o
 .debug_info    0x00006b45      0xa52 ./Middlewares/ST/STM32_USB_Device_Library/Core/Src/usbd_core.o
 .debug_info    0x00007597      0x91c ./Middlewares/ST/STM32_USB_Device_Library/Core/Src/usbd_ctlreq.o
 .debug_info    0x00007eb3      0x6a0 ./Middlewares/ST/STM32_USB_Device_Library/Core/Src/usbd_ioreq.o
 .debug_info    0x00008553      0x63d ./USB_DEVICE/App/usb_device.o
 .debug_info    0x00008b90      0x87e ./USB_DEVICE/App/usbd_cdc_if.o
 .debug_info    0x0000940e      0x44a ./USB_DEVICE/App/usbd_desc.o
 .debug_info    0x00009858     0x1864 ./USB_DEVICE/Target/usbd_conf.o

.debug_abbrev   0x00000000     0x2370
 .debug_abbrev  0x00000000       0x6d ./Core/Src/_stm32_usb_cdc.o
 .debug_abbrev  0x0000006d      0x2ab ./Core/Src/main.o
 .debug_abbrev  0x00000318      0x192 ./Core/Src/stm32f1xx_it.o
 .debug_abbrev  0x000004aa      0x13f ./Core/Src/system_stm32f1xx.o
 .debug_abbrev  0x000005e9       0x24 ./Core/Startup/startup_stm32f103c8tx.o
 .debug_abbrev  0x0000060d      0x201 ./Drivers/STM32F1xx_HAL_Driver/Src/stm32f1xx_hal.o
 .debug_abbrev  0x0000080e      0x2f8 ./Drivers/STM32F1xx_HAL_Driver/Src/stm32f1xx_hal_cortex.o
 .debug_abbrev  0x00000b06      0x2d6 ./Drivers/STM32F1xx_HAL_Driver/Src/stm32f1xx_hal_pcd.o
 .debug_abbrev  0x00000ddc      0x189 ./Drivers/STM32F1xx_HAL_Driver/Src/stm32f1xx_hal_pcd_ex.o
 .debug_abbrev  0x00000f65      0x1de ./Drivers/STM32F1xx_HAL_Driver/Src/stm32f1xx_ll_usb.o
 .debug_abbrev  0x00001143      0x2d3 ./Middlewares/ST/STM32_USB_Device_Library/Class/CDC/Src/usbd_cdc.o
 .debug_abbrev  0x00001416      0x24a ./Middlewares/ST/STM32_USB_Device_Library/Core/Src/usbd_core.o
 .debug_abbrev  0x00001660      0x26b ./Middlewares/ST/STM32_USB_Device_Library/Core/Src/usbd_ctlreq.o
 .debug_abbrev  0x000018cb      0x192 ./Middlewares/ST/STM32_USB_Device_Library/Core/Src/usbd_ioreq.o
 .debug_abbrev  0x00001a5d      0x18d ./USB_DEVICE/App/usb_device.o
 .debug_abbrev  0x00001bea      0x271 ./USB_DEVICE/App/usbd_cdc_if.o
 .debug_abbrev  0x00001e5b      0x1ff ./USB_DEVICE/App/usbd_desc.o
 .debug_abbrev  0x0000205a      0x316 ./USB_DEVICE/Target/usbd_conf.o

.debug_aranges  0x00000000      0x990
 .debug_aranges
                0x00000000       0x18 ./Core/Src/_stm32_usb_cdc.o
 .debug_aranges
                0x00000018       0x78 ./Core/Src/main.o
 .debug_aranges
                0x00000090       0x68 ./Core/Src/stm32f1xx_it.o
 .debug_aranges
                0x000000f8       0x28 ./Core/Src/system_stm32f1xx.o
 .debug_aranges
                0x00000120       0x28 ./Core/Startup/startup_stm32f103c8tx.o
 .debug_aranges
                0x00000148       0xe0 ./Drivers/STM32F1xx_HAL_Driver/Src/stm32f1xx_hal.o
 .debug_aranges
                0x00000228      0x100 ./Drivers/STM32F1xx_HAL_Driver/Src/stm32f1xx_hal_cortex.o
 .debug_aranges
                0x00000328      0x140 ./Drivers/STM32F1xx_HAL_Driver/Src/stm32f1xx_hal_pcd.o
 .debug_aranges
                0x00000468       0x38 ./Drivers/STM32F1xx_HAL_Driver/Src/stm32f1xx_hal_pcd_ex.o
 .debug_aranges
                0x000004a0       0xf8 ./Drivers/STM32F1xx_HAL_Driver/Src/stm32f1xx_ll_usb.o
 .debug_aranges
                0x00000598       0x90 ./Middlewares/ST/STM32_USB_Device_Library/Class/CDC/Src/usbd_cdc.o
 .debug_aranges
                0x00000628       0xb8 ./Middlewares/ST/STM32_USB_Device_Library/Core/Src/usbd_core.o
 .debug_aranges
                0x000006e0       0x88 ./Middlewares/ST/STM32_USB_Device_Library/Core/Src/usbd_ctlreq.o
 .debug_aranges
                0x00000768       0x50 ./Middlewares/ST/STM32_USB_Device_Library/Core/Src/usbd_ioreq.o
 .debug_aranges
                0x000007b8       0x20 ./USB_DEVICE/App/usb_device.o
 .debug_aranges
                0x000007d8       0x40 ./USB_DEVICE/App/usbd_cdc_if.o
 .debug_aranges
                0x00000818       0x60 ./USB_DEVICE/App/usbd_desc.o
 .debug_aranges
                0x00000878      0x118 ./USB_DEVICE/Target/usbd_conf.o

.debug_macro    0x00000000    0x18afa
 .debug_macro   0x00000000      0x1b1 ./Core/Src/_stm32_usb_cdc.o
 .debug_macro   0x000001b1      0xaa8 ./Core/Src/_stm32_usb_cdc.o
 .debug_macro   0x00000c59       0x10 ./Core/Src/_stm32_usb_cdc.o
 .debug_macro   0x00000c69       0x2e ./Core/Src/_stm32_usb_cdc.o
 .debug_macro   0x00000c97       0x22 ./Core/Src/_stm32_usb_cdc.o
 .debug_macro   0x00000cb9       0x22 ./Core/Src/_stm32_usb_cdc.o
 .debug_macro   0x00000cdb       0x8e ./Core/Src/_stm32_usb_cdc.o
 .debug_macro   0x00000d69       0x51 ./Core/Src/_stm32_usb_cdc.o
 .debug_macro   0x00000dba      0x103 ./Core/Src/_stm32_usb_cdc.o
 .debug_macro   0x00000ebd       0x6a ./Core/Src/_stm32_usb_cdc.o
 .debug_macro   0x00000f27      0x1df ./Core/Src/_stm32_usb_cdc.o
 .debug_macro   0x00001106       0x1c ./Core/Src/_stm32_usb_cdc.o
 .debug_macro   0x00001122       0x22 ./Core/Src/_stm32_usb_cdc.o
 .debug_macro   0x00001144       0xbd ./Core/Src/_stm32_usb_cdc.o
 .debug_macro   0x00001201      0xd23 ./Core/Src/_stm32_usb_cdc.o
 .debug_macro   0x00001f24     0xe09e ./Core/Src/_stm32_usb_cdc.o
 .debug_macro   0x0000ffc2       0x6d ./Core/Src/_stm32_usb_cdc.o
 .debug_macro   0x0001002f      0x215 ./Core/Src/_stm32_usb_cdc.o
 .debug_macro   0x00010244     0x34a2 ./Core/Src/_stm32_usb_cdc.o
 .debug_macro   0x000136e6      0x189 ./Core/Src/_stm32_usb_cdc.o
 .debug_macro   0x0001386f       0x5c ./Core/Src/_stm32_usb_cdc.o
 .debug_macro   0x000138cb      0x5bc ./Core/Src/_stm32_usb_cdc.o
 .debug_macro   0x00013e87      0x289 ./Core/Src/_stm32_usb_cdc.o
 .debug_macro   0x00014110      0x1cb ./Core/Src/_stm32_usb_cdc.o
 .debug_macro   0x000142db      0x114 ./Core/Src/_stm32_usb_cdc.o
 .debug_macro   0x000143ef      0x1b2 ./Core/Src/_stm32_usb_cdc.o
 .debug_macro   0x000145a1       0x27 ./Core/Src/_stm32_usb_cdc.o
 .debug_macro   0x000145c8      0x136 ./Core/Src/_stm32_usb_cdc.o
 .debug_macro   0x000146fe      0x1bc ./Core/Src/_stm32_usb_cdc.o
 .debug_macro   0x000148ba       0x34 ./Core/Src/_stm32_usb_cdc.o
 .debug_macro   0x000148ee       0x3c ./Core/Src/_stm32_usb_cdc.o
 .debug_macro   0x0001492a       0x57 ./Core/Src/_stm32_usb_cdc.o
 .debug_macro   0x00014981       0x87 ./Core/Src/_stm32_usb_cdc.o
 .debug_macro   0x00014a08      0x240 ./Core/Src/_stm32_usb_cdc.o
 .debug_macro   0x00014c48      0x140 ./Core/Src/_stm32_usb_cdc.o
 .debug_macro   0x00014d88       0xb7 ./Core/Src/_stm32_usb_cdc.o
 .debug_macro   0x00014e3f      0x242 ./Core/Src/_stm32_usb_cdc.o
 .debug_macro   0x00015081       0x83 ./Core/Src/_stm32_usb_cdc.o
 .debug_macro   0x00015104      0x31f ./Core/Src/main.o
 .debug_macro   0x00015423       0x61 ./Core/Src/main.o
 .debug_macro   0x00015484       0x24 ./Core/Src/main.o
 .debug_macro   0x000154a8       0x43 ./Core/Src/main.o
 .debug_macro   0x000154eb       0x34 ./Core/Src/main.o
 .debug_macro   0x0001551f       0x16 ./Core/Src/main.o
 .debug_macro   0x00015535       0x35 ./Core/Src/main.o
 .debug_macro   0x0001556a      0x369 ./Core/Src/main.o
 .debug_macro   0x000158d3       0x10 ./Core/Src/main.o
 .debug_macro   0x000158e3       0x16 ./Core/Src/main.o
 .debug_macro   0x000158f9       0x43 ./Core/Src/main.o
 .debug_macro   0x0001593c       0x34 ./Core/Src/main.o
 .debug_macro   0x00015970       0x10 ./Core/Src/main.o
 .debug_macro   0x00015980       0x58 ./Core/Src/main.o
 .debug_macro   0x000159d8       0x8e ./Core/Src/main.o
 .debug_macro   0x00015a66       0x1c ./Core/Src/main.o
 .debug_macro   0x00015a82      0x177 ./Core/Src/main.o
 .debug_macro   0x00015bf9       0x16 ./Core/Src/main.o
 .debug_macro   0x00015c0f       0x16 ./Core/Src/main.o
 .debug_macro   0x00015c25      0x146 ./Core/Src/main.o
 .debug_macro   0x00015d6b       0x16 ./Core/Src/main.o
 .debug_macro   0x00015d81       0x16 ./Core/Src/main.o
 .debug_macro   0x00015d97       0x29 ./Core/Src/main.o
 .debug_macro   0x00015dc0       0x16 ./Core/Src/main.o
 .debug_macro   0x00015dd6       0x20 ./Core/Src/main.o
 .debug_macro   0x00015df6       0x5f ./Core/Src/main.o
 .debug_macro   0x00015e55      0x1c8 ./Core/Src/main.o
 .debug_macro   0x0001601d      0x1bc ./Core/Src/stm32f1xx_it.o
 .debug_macro   0x000161d9      0x1a8 ./Core/Src/system_stm32f1xx.o
 .debug_macro   0x00016381      0x1cc ./Drivers/STM32F1xx_HAL_Driver/Src/stm32f1xx_hal.o
 .debug_macro   0x0001654d      0x1a8 ./Drivers/STM32F1xx_HAL_Driver/Src/stm32f1xx_hal_cortex.o
 .debug_macro   0x000166f5      0x1b4 ./Drivers/STM32F1xx_HAL_Driver/Src/stm32f1xx_hal_pcd.o
 .debug_macro   0x000168a9      0x1a8 ./Drivers/STM32F1xx_HAL_Driver/Src/stm32f1xx_hal_pcd_ex.o
 .debug_macro   0x00016a51      0x1a8 ./Drivers/STM32F1xx_HAL_Driver/Src/stm32f1xx_ll_usb.o
 .debug_macro   0x00016bf9      0x341 ./Middlewares/ST/STM32_USB_Device_Library/Class/CDC/Src/usbd_cdc.o
 .debug_macro   0x00016f3a       0x9e ./Middlewares/ST/STM32_USB_Device_Library/Class/CDC/Src/usbd_cdc.o
 .debug_macro   0x00016fd8      0x10b ./Middlewares/ST/STM32_USB_Device_Library/Class/CDC/Src/usbd_cdc.o
 .debug_macro   0x000170e3       0x56 ./Middlewares/ST/STM32_USB_Device_Library/Class/CDC/Src/usbd_cdc.o
 .debug_macro   0x00017139       0x8f ./Middlewares/ST/STM32_USB_Device_Library/Class/CDC/Src/usbd_cdc.o
 .debug_macro   0x000171c8      0x328 ./Middlewares/ST/STM32_USB_Device_Library/Core/Src/usbd_core.o
 .debug_macro   0x000174f0      0x1ce ./Middlewares/ST/STM32_USB_Device_Library/Core/Src/usbd_core.o
 .debug_macro   0x000176be      0x332 ./Middlewares/ST/STM32_USB_Device_Library/Core/Src/usbd_ctlreq.o
 .debug_macro   0x000179f0      0x32e ./Middlewares/ST/STM32_USB_Device_Library/Core/Src/usbd_ioreq.o
 .debug_macro   0x00017d1e      0x367 ./USB_DEVICE/App/usb_device.o
 .debug_macro   0x00018085       0x22 ./USB_DEVICE/App/usb_device.o
 .debug_macro   0x000180a7       0x1c ./USB_DEVICE/App/usb_device.o
 .debug_macro   0x000180c3      0x355 ./USB_DEVICE/App/usbd_cdc_if.o
 .debug_macro   0x00018418       0x16 ./USB_DEVICE/App/usbd_cdc_if.o
 .debug_macro   0x0001842e      0x365 ./USB_DEVICE/App/usbd_desc.o
 .debug_macro   0x00018793       0x1c ./USB_DEVICE/App/usbd_desc.o
 .debug_macro   0x000187af      0x34b ./USB_DEVICE/Target/usbd_conf.o

.debug_line     0x00000000     0xc556
 .debug_line    0x00000000      0x6e9 ./Core/Src/_stm32_usb_cdc.o
 .debug_line    0x000006e9      0xcfc ./Core/Src/main.o
 .debug_line    0x000013e5      0x7d5 ./Core/Src/stm32f1xx_it.o
 .debug_line    0x00001bba      0x779 ./Core/Src/system_stm32f1xx.o
 .debug_line    0x00002333       0x78 ./Core/Startup/startup_stm32f103c8tx.o
 .debug_line    0x000023ab      0x9a6 ./Drivers/STM32F1xx_HAL_Driver/Src/stm32f1xx_hal.o
 .debug_line    0x00002d51      0xb92 ./Drivers/STM32F1xx_HAL_Driver/Src/stm32f1xx_hal_cortex.o
 .debug_line    0x000038e3     0x13fb ./Drivers/STM32F1xx_HAL_Driver/Src/stm32f1xx_hal_pcd.o
 .debug_line    0x00004cde      0x774 ./Drivers/STM32F1xx_HAL_Driver/Src/stm32f1xx_hal_pcd_ex.o
 .debug_line    0x00005452     0x1077 ./Drivers/STM32F1xx_HAL_Driver/Src/stm32f1xx_ll_usb.o
 .debug_line    0x000064c9      0xcfc ./Middlewares/ST/STM32_USB_Device_Library/Class/CDC/Src/usbd_cdc.o
 .debug_line    0x000071c5      0xd78 ./Middlewares/ST/STM32_USB_Device_Library/Core/Src/usbd_core.o
 .debug_line    0x00007f3d      0xfb8 ./Middlewares/ST/STM32_USB_Device_Library/Core/Src/usbd_ctlreq.o
 .debug_line    0x00008ef5      0xa0e ./Middlewares/ST/STM32_USB_Device_Library/Core/Src/usbd_ioreq.o
 .debug_line    0x00009903      0x9ce ./USB_DEVICE/App/usb_device.o
 .debug_line    0x0000a2d1      0xa38 ./USB_DEVICE/App/usbd_cdc_if.o
 .debug_line    0x0000ad09      0xa97 ./USB_DEVICE/App/usbd_desc.o
 .debug_line    0x0000b7a0      0xdb6 ./USB_DEVICE/Target/usbd_conf.o

.debug_str      0x00000000    0x83ecf
 .debug_str     0x00000000    0x7d3d2 ./Core/Src/_stm32_usb_cdc.o
                              0x7d709 (size before relaxing)
 .debug_str     0x0007d3d2     0x4669 ./Core/Src/main.o
                              0x81ea0 (size before relaxing)
 .debug_str     0x00081a3b      0x3eb ./Core/Src/stm32f1xx_it.o
                              0x7db12 (size before relaxing)
 .debug_str     0x00081e26       0x7e ./Core/Src/system_stm32f1xx.o
                              0x7d75e (size before relaxing)
 .debug_str     0x00081ea4       0x44 ./Core/Startup/startup_stm32f103c8tx.o
                                 0x70 (size before relaxing)
 .debug_str     0x00081ee8      0x3cb ./Drivers/STM32F1xx_HAL_Driver/Src/stm32f1xx_hal.o
                              0x7de91 (size before relaxing)
 .debug_str     0x000822b3      0x205 ./Drivers/STM32F1xx_HAL_Driver/Src/stm32f1xx_hal_cortex.o
                              0x7dddd (size before relaxing)
 .debug_str     0x000824b8      0x5da ./Drivers/STM32F1xx_HAL_Driver/Src/stm32f1xx_hal_pcd.o
                              0x7e07b (size before relaxing)
 .debug_str     0x00082a92      0x170 ./Drivers/STM32F1xx_HAL_Driver/Src/stm32f1xx_hal_pcd_ex.o
                              0x7dbdd (size before relaxing)
 .debug_str     0x00082c02      0x130 ./Drivers/STM32F1xx_HAL_Driver/Src/stm32f1xx_ll_usb.o
                              0x7dc2f (size before relaxing)
 .debug_str     0x00082d32      0x94b ./Middlewares/ST/STM32_USB_Device_Library/Class/CDC/Src/usbd_cdc.o
                              0x82627 (size before relaxing)
 .debug_str     0x0008367d      0x281 ./Middlewares/ST/STM32_USB_Device_Library/Core/Src/usbd_core.o
                              0x81f57 (size before relaxing)
 .debug_str     0x000838fe      0x120 ./Middlewares/ST/STM32_USB_Device_Library/Core/Src/usbd_ctlreq.o
                              0x81e71 (size before relaxing)
 .debug_str     0x00083a1e       0x51 ./Middlewares/ST/STM32_USB_Device_Library/Core/Src/usbd_ioreq.o
                              0x81d9e (size before relaxing)
 .debug_str     0x00083a6f      0x105 ./USB_DEVICE/App/usb_device.o
                              0x82138 (size before relaxing)
 .debug_str     0x00083b74       0x8b ./USB_DEVICE/App/usbd_cdc_if.o
                              0x821a8 (size before relaxing)
 .debug_str     0x00083bff      0x258 ./USB_DEVICE/App/usbd_desc.o
                              0x81cda (size before relaxing)
 .debug_str     0x00083e57       0x78 ./USB_DEVICE/Target/usbd_conf.o
                              0x82bb4 (size before relaxing)

.comment        0x00000000       0x43
 .comment       0x00000000       0x43 ./Core/Src/_stm32_usb_cdc.o
                                 0x44 (size before relaxing)
 .comment       0x00000043       0x44 ./Core/Src/main.o
 .comment       0x00000043       0x44 ./Core/Src/stm32f1xx_it.o
 .comment       0x00000043       0x44 ./Core/Src/system_stm32f1xx.o
 .comment       0x00000043       0x44 ./Drivers/STM32F1xx_HAL_Driver/Src/stm32f1xx_hal.o
 .comment       0x00000043       0x44 ./Drivers/STM32F1xx_HAL_Driver/Src/stm32f1xx_hal_cortex.o
 .comment       0x00000043       0x44 ./Drivers/STM32F1xx_HAL_Driver/Src/stm32f1xx_hal_pcd.o
 .comment       0x00000043       0x44 ./Drivers/STM32F1xx_HAL_Driver/Src/stm32f1xx_hal_pcd_ex.o
 .comment       0x00000043       0x44 ./Drivers/STM32F1xx_HAL_Driver/Src/stm32f1xx_ll_usb.o
 .comment       0x00000043       0x44 ./Middlewares/ST/STM32_USB_Device_Library/Class/CDC/Src/usbd_cdc.o
 .comment       0x00000043       0x44 ./Middlewares/ST/STM32_USB_Device_Library/Core/Src/usbd_core.o
 .comment       0x00000043       0x44 ./Middlewares/ST/STM32_USB_Device_Library/Core/Src/usbd_ctlreq.o
 .comment       0x00000043       0x44 ./Middlewares/ST/STM32_USB_Device_Library/Core/Src/usbd_ioreq.o
 .comment       0x00000043       0x44 ./USB_DEVICE/App/usb_device.o
 .comment       0x00000043       0x44 ./USB_DEVICE/App/usbd_cdc_if.o
 .comment       0x00000043       0x44 ./USB_DEVICE/App/usbd_desc.o
 .comment       0x00000043       0x44 ./USB_DEVICE/Target/usbd_conf.o

.debug_rnglists
                0x00000000      0x6eb
 .debug_rnglists
                0x00000000       0x58 ./Core/Src/main.o
 .debug_rnglists
                0x00000058       0x49 ./Core/Src/stm32f1xx_it.o
 .debug_rnglists
                0x000000a1       0x1a ./Core/Src/system_stm32f1xx.o
 .debug_rnglists
                0x000000bb       0x19 ./Core/Startup/startup_stm32f103c8tx.o
 .debug_rnglists
                0x000000d4       0xa3 ./Drivers/STM32F1xx_HAL_Driver/Src/stm32f1xx_hal.o
 .debug_rnglists
                0x00000177       0xbb ./Drivers/STM32F1xx_HAL_Driver/Src/stm32f1xx_hal_cortex.o
 .debug_rnglists
                0x00000232       0xf4 ./Drivers/STM32F1xx_HAL_Driver/Src/stm32f1xx_hal_pcd.o
 .debug_rnglists
                0x00000326       0x26 ./Drivers/STM32F1xx_HAL_Driver/Src/stm32f1xx_hal_pcd_ex.o
 .debug_rnglists
                0x0000034c       0xbd ./Drivers/STM32F1xx_HAL_Driver/Src/stm32f1xx_ll_usb.o
 .debug_rnglists
                0x00000409       0x6a ./Middlewares/ST/STM32_USB_Device_Library/Class/CDC/Src/usbd_cdc.o
 .debug_rnglists
                0x00000473       0x89 ./Middlewares/ST/STM32_USB_Device_Library/Core/Src/usbd_core.o
 .debug_rnglists
                0x000004fc       0x68 ./Middlewares/ST/STM32_USB_Device_Library/Core/Src/usbd_ctlreq.o
 .debug_rnglists
                0x00000564       0x37 ./Middlewares/ST/STM32_USB_Device_Library/Core/Src/usbd_ioreq.o
 .debug_rnglists
                0x0000059b       0x13 ./USB_DEVICE/App/usb_device.o
 .debug_rnglists
                0x000005ae       0x2c ./USB_DEVICE/App/usbd_cdc_if.o
 .debug_rnglists
                0x000005da       0x43 ./USB_DEVICE/App/usbd_desc.o
 .debug_rnglists
                0x0000061d       0xce ./USB_DEVICE/Target/usbd_conf.o

.debug_frame    0x00000000     0x2514
 .debug_frame   0x00000000      0x1a0 ./Core/Src/main.o
 .debug_frame   0x000001a0      0x120 ./Core/Src/stm32f1xx_it.o
 .debug_frame   0x000002c0       0x58 ./Core/Src/system_stm32f1xx.o
 .debug_frame   0x00000318      0x334 ./Drivers/STM32F1xx_HAL_Driver/Src/stm32f1xx_hal.o
 .debug_frame   0x0000064c      0x428 ./Drivers/STM32F1xx_HAL_Driver/Src/stm32f1xx_hal_cortex.o
 .debug_frame   0x00000a74      0x594 ./Drivers/STM32F1xx_HAL_Driver/Src/stm32f1xx_hal_pcd.o
 .debug_frame   0x00001008       0xb0 ./Drivers/STM32F1xx_HAL_Driver/Src/stm32f1xx_hal_pcd_ex.o
 .debug_frame   0x000010b8      0x470 ./Drivers/STM32F1xx_HAL_Driver/Src/stm32f1xx_ll_usb.o
 .debug_frame   0x00001528      0x248 ./Middlewares/ST/STM32_USB_Device_Library/Class/CDC/Src/usbd_cdc.o
 .debug_frame   0x00001770      0x300 ./Middlewares/ST/STM32_USB_Device_Library/Core/Src/usbd_core.o
 .debug_frame   0x00001a70      0x218 ./Middlewares/ST/STM32_USB_Device_Library/Core/Src/usbd_ctlreq.o
 .debug_frame   0x00001c88      0x10c ./Middlewares/ST/STM32_USB_Device_Library/Core/Src/usbd_ioreq.o
 .debug_frame   0x00001d94       0x2c ./USB_DEVICE/App/usb_device.o
 .debug_frame   0x00001dc0       0xbc ./USB_DEVICE/App/usbd_cdc_if.o
 .debug_frame   0x00001e7c      0x160 ./USB_DEVICE/App/usbd_desc.o
 .debug_frame   0x00001fdc      0x4a4 ./USB_DEVICE/Target/usbd_conf.o
 .debug_frame   0x00002480       0x20 C:/ST/STM32CubeIDE_1.17.0/STM32CubeIDE/plugins/com.st.stm32cube.ide.mcu.externaltools.gnu-tools-for-stm32.12.3.rel1.win32_1.1.0.202410251130/tools/bin/../lib/gcc/arm-none-eabi/12.3.1/../../../../arm-none-eabi/lib/thumb/v7-m/nofp\libc_nano.a(libc_a-memset.o)
 .debug_frame   0x000024a0       0x2c C:/ST/STM32CubeIDE_1.17.0/STM32CubeIDE/plugins/com.st.stm32cube.ide.mcu.externaltools.gnu-tools-for-stm32.12.3.rel1.win32_1.1.0.202410251130/tools/bin/../lib/gcc/arm-none-eabi/12.3.1/../../../../arm-none-eabi/lib/thumb/v7-m/nofp\libc_nano.a(libc_a-init.o)
 .debug_frame   0x000024cc       0x20 C:/ST/STM32CubeIDE_1.17.0/STM32CubeIDE/plugins/com.st.stm32cube.ide.mcu.externaltools.gnu-tools-for-stm32.12.3.rel1.win32_1.1.0.202410251130/tools/bin/../lib/gcc/arm-none-eabi/12.3.1/../../../../arm-none-eabi/lib/thumb/v7-m/nofp\libc_nano.a(libc_a-strcmp.o)
 .debug_frame   0x000024ec       0x28 C:/ST/STM32CubeIDE_1.17.0/STM32CubeIDE/plugins/com.st.stm32cube.ide.mcu.externaltools.gnu-tools-for-stm32.12.3.rel1.win32_1.1.0.202410251130/tools/bin/../lib/gcc/arm-none-eabi/12.3.1/../../../../arm-none-eabi/lib/thumb/v7-m/nofp\libc_nano.a(libc_a-memcpy-stub.o)

.debug_line_str
                0x00000000       0x54
 .debug_line_str
                0x00000000       0x54 ./Core/Startup/startup_stm32f103c8tx.o
